   Compiling rustix v1.0.8
   Compiling getrandom v0.3.3
   Compiling half v2.6.0
   Compiling ciborium-io v0.2.2
   Compiling fastrand v2.3.0
   Compiling plotters-backend v0.3.7
   Compiling ppv-lite86 v0.2.21
   Compiling wait-timeout v0.2.1
   Compiling itertools v0.13.0
   Compiling fnv v1.0.7
   Compiling bit-vec v0.8.0
   Compiling quick-error v1.2.3
   Compiling cast v0.3.0
   Compiling tinytemplate v1.2.1
   Compiling oorandom v11.1.5
   Compiling anes v0.1.6
   Compiling plotters-svg v0.3.7
   Compiling ciborium-ll v0.2.2
   Compiling bit-set v0.8.0
   Compiling lazy_static v1.5.0
   Compiling yansi v1.0.1
   Compiling diff v0.1.13
   Compiling unarray v0.1.4
   Compiling plotters v0.3.7
   Compiling ciborium v0.2.2
   Compiling indoc v2.0.6
   Compiling pretty_assertions v1.4.1
   Compiling rand_core v0.9.3
   Compiling rand_chacha v0.9.0
   Compiling rand_xorshift v0.4.0
   Compiling rand v0.9.2
   Compiling criterion-plot v0.6.0
   Compiling criterion v0.7.0
   Compiling crossterm v0.29.0
   Compiling which v8.0.0
   Compiling tempfile v3.21.0
   Compiling rusty-fork v0.3.0
   Compiling comfy-table v7.2.0
   Compiling proptest v1.7.0
   Compiling debtmap v0.2.0 (/Users/glen/.mmm/worktrees/debtmap/session-04953b84-5ac4-4618-a212-86f7df788766)
error: this file contains an unclosed delimiter
   --> src/testing/flaky_detector.rs:644:2
    |
332 | mod tests {
    |           - unclosed delimiter
...
644 |
    | ^

error: could not compile `debtmap` (lib) due to 1 previous error
warning: build failed, waiting for other jobs to finish...
error: command `/opt/homebrew/bin/cargo test --no-run --message-format json-render-diagnostics` exited with code 101
